<?xml version="1.0" encoding="UTF-8"?>
<TestRun id="bb1eda6d-6ae0-4a64-b367-2c43febc296d" name="Administrator@USER-62C860E3E3 2014-12-23 14:08:27" runUser="USER-62C860E3E3\Administrator" xmlns="http://microsoft.com/schemas/VisualStudio/TeamTest/2010">
  <TestSettings name="本地" id="873d51f7-6182-45af-8d57-cfae2fc3414b">
    <Description>这些设置为本地测试运行的默认测试设置。</Description>
    <Deployment userDeploymentRoot="E:\winform\KQProject\ERPClient\TestResults" useDefaultDeploymentRoot="false" enabled="false" runDeploymentRoot="Administrator_USER-62C860E3E3 2014-12-23 14_08_27">
      <DeploymentItem filename="E:\winform\KQProject\Utils\COM.Net\COM.Data\bin\Debug\COM.Data.dll" />
      <DeploymentItem filename="E:\winform\KQProject\Utils\COM.Net\COM.Domain\bin\Debug\COM.Domain.dll" />
      <DeploymentItem filename="E:\winform\KQProject\Utils\COM.Net\COM.Service\bin\Debug\COM.Service.dll" />
      <DeploymentItem filename="E:\winform\KQProject\ERPClient\ERP.Domain\bin\Debug\ERP.Domain.dll" />
      <DeploymentItem filename="E:\winform\KQProject\ERPClient\ERP.Data\bin\Debug\ERP.Data.dll" />
      <DeploymentItem filename="E:\winform\KQProject\ERPClient\ERP.Service\bin\Debug\ERP.Service.dll" />
      <DeploymentItem filename="E:\winform\KQProject\Utils\Util\bin\Debug\Util.dll" />
      <DeploymentItem filename="E:\winform\KQProject\Utils\DependencyLibraries\EntityFramework\4.3.1.0\EntityFramework.dll" />
    </Deployment>
    <Execution>
      <TestTypeSpecific />
      <AgentRule name="Execution Agents">
      </AgentRule>
    </Execution>
  </TestSettings>
  <Times creation="2014-12-23T14:08:27.9375000+08:00" queuing="2014-12-23T14:08:28.3281250+08:00" start="2014-12-23T14:08:28.3593750+08:00" finish="2014-12-23T14:08:28.8593750+08:00" />
  <ResultSummary outcome="Error">
    <Counters total="1" executed="1" error="1" failed="0" timeout="0" aborted="0" inconclusive="0" passedButRunAborted="0" notRunnable="0" notExecuted="0" disconnected="0" warning="0" passed="0" completed="0" inProgress="0" pending="0" />
  </ResultSummary>
  <TestDefinitions>
    <UnitTest name="CreateUserTest" storage="e:\winform\kqproject\erpclient\erptest\bin\debug\erptest.dll" id="4087933a-1247-ebea-831e-0d37c6927989">
      <Execution id="bd5e2b3c-5470-4adf-90a5-3c22e813bc5c" />
      <TestMethod codeBase="E:/winform/KQProject/ERPClient/ERPTest/bin/Debug/ERPTest.DLL" adapterTypeName="Microsoft.VisualStudio.TestTools.TestTypes.Unit.UnitTestAdapter, Microsoft.VisualStudio.QualityTools.Tips.UnitTest.Adapter, Version=10.0.0.0, Culture=neutral, PublicKeyToken=b03f5f7f11d50a3a" className="ERPTest.ERPServiceTest, ERPTest, Version=1.0.0.0, Culture=neutral, PublicKeyToken=null" name="CreateUserTest" />
    </UnitTest>
  </TestDefinitions>
  <TestLists>
    <TestList name="列表中未列出的结果" id="8c84fa94-04c1-424b-9868-57a2d4851a1d" />
    <TestList name="所有已加载的结果" id="19431567-8539-422a-85d7-44ee4e166bda" />
  </TestLists>
  <TestEntries>
    <TestEntry testId="4087933a-1247-ebea-831e-0d37c6927989" executionId="bd5e2b3c-5470-4adf-90a5-3c22e813bc5c" testListId="8c84fa94-04c1-424b-9868-57a2d4851a1d" />
  </TestEntries>
  <Results>
    <UnitTestResult executionId="bd5e2b3c-5470-4adf-90a5-3c22e813bc5c" testId="4087933a-1247-ebea-831e-0d37c6927989" testName="CreateUserTest" computerName="USER-62C860E3E3" startTime="2014-12-23T14:08:28.3750000+08:00" endTime="2014-12-23T14:08:28.8125000+08:00" testType="13cdc9d9-ddb5-4fa4-a97d-d965ccfc6d4b" testListId="8c84fa94-04c1-424b-9868-57a2d4851a1d" relativeResultsDirectory="bd5e2b3c-5470-4adf-90a5-3c22e813bc5c">
      <Output>
        <ErrorInfo>
          <Message>单元测试适配器引发了异常: 
未解析成员“Microsoft.Practices.Unity.ResolutionFailedException,Microsoft.Practices.Unity, Version=2.1.505.0, Culture=neutral, PublicKeyToken=31bf3856ad364e35”的类型。。</Message>
        </ErrorInfo>
      </Output>
    </UnitTestResult>
  </Results>
</TestRun>